// Jest Snapshot v1, https://goo.gl/fbAQLP

exports[`renders correctly 1`] = `
<View
  style={
    Array [
      Object {
        "backgroundColor": "#dbddde",
        "overflow": "hidden",
      },
      Object {
        "marginBottom": 1,
      },
    ]
  }
>
  <View
    onLayout={[Function]}
    onMoveShouldSetResponder={[Function]}
    onMoveShouldSetResponderCapture={[Function]}
    onResponderEnd={[Function]}
    onResponderGrant={[Function]}
    onResponderMove={[Function]}
    onResponderReject={[Function]}
    onResponderRelease={[Function]}
    onResponderStart={[Function]}
    onResponderTerminate={[Function]}
    onResponderTerminationRequest={[Function]}
    onStartShouldSetResponder={[Function]}
    onStartShouldSetResponderCapture={[Function]}
    style={
      Array [
        Object {},
        Object {
          "transform": Array [
            Object {
              "translateX": 0,
            },
          ],
        },
      ]
    }
  >
    <View
      style={
        Object {
          "backgroundColor": "white",
          "height": "auto",
        }
      }
    >
      <Text
        accessible={true}
        allowFontScaling={true}
        ellipsizeMode="tail"
        style={
          Array [
            undefined,
            Object {
              "fontSize": 25,
              "padding": 3,
            },
          ]
        }
      >
        Test everything
      </Text>
    </View>
  </View>
  <View />
  <View />
</View>
`;
